
> ambajizon@0.1.0 build
> next build

  Γû▓ Next.js 14.2.35
  - Environments: .env.local

   Creating an optimized production build ...
 Γ£ô Compiled successfully
   Linting and checking validity of types ...
node.exe : Failed to compile.
At line:1 char:1
+ & "C:\Program Files\nodejs/node.exe" 
"C:\Program Files\nodejs/node_mo ...
+ ~~~~~~~~~~~~~~~~~~~~~~~~~~~~~~~~~~~~~~
~~~~~~~~~~~~~~~~~~~~~~~~~~~~~~~
    + CategoryInfo          : NotSpec   
 ified: (Failed to compile.:String    ) 
[], RemoteException
    + FullyQualifiedErrorId : NativeC   
 ommandError
 

./src/app/[store]/page.tsx:11:15
Type error: Property 'is_enabled' does 
not exist on type 'StoreData'.

[0m [90m  9 |[39m     [36mif[39m 
([33m![39mstore) notFound()[0m
[0m [90m 10 |[39m[0m
[0m[31m[1m>[22m[39m[90m 11 |[39m 
    [36mif[39m 
(store[33m.[39mis_enabled 
[33m===[39m [36mfalse[39m) {[0m
[0m [90m    |[39m               
[31m[1m^[22m[39m[0m
[0m [90m 12 |[39m         
[36mreturn[39m ([0m
[0m [90m 13 |[39m             
[33m<[39m[33mdiv[39m 
className[33m=[39m[32m"min-h-screen 
flex flex-col items-center 
justify-center p-8 bg-gray-50 
text-center"[39m[33m>[39m[0m
[0m [90m 14 |[39m                 
[33m<[39m[33mdiv[39m 
className[33m=[39m[32m"w-24 h-24 
bg-gray-200 rounded-full flex 
items-center justify-center 
mb-6"[39m[33m>[39m[0m
Next.js build worker exited with code: 
1 and signal: null
